// Vitest Snapshot v1, https://vitest.dev/guide/snapshot.html

exports[`Componente App > Se renderiza correctamente 1`] = `
<div>
  <main
    class="_main_728e4a"
  >
    <div
      class="_column_545bf0"
    >
      <h2>
        Entrevista inicial
      </h2>
      <p>
        No hay candidatos
      </p>
      <button>
        Agregar candidato
      </button>
    </div>
    <div
      class="_column_545bf0"
    >
      <h2>
        Entrevista técnica
      </h2>
      <p>
        No hay candidatos
      </p>
    </div>
    <div
      class="_column_545bf0"
    >
      <h2>
        Oferta
      </h2>
      <p>
        No hay candidatos
      </p>
    </div>
    <div
      class="_column_545bf0"
    >
      <h2>
        Asignación
      </h2>
      <p>
        No hay candidatos
      </p>
    </div>
    <div
      class="_column_545bf0"
    >
      <h2>
        Rechazo
      </h2>
      <p>
        No hay candidatos
      </p>
    </div>
  </main>
</div>
`;
